C51 COMPILER V9.60.0.0   MUSIC_DEFS                                                        05/22/2025 23:18:33 PAGE 1   


C51 COMPILER V9.60.0.0, COMPILATION OF MODULE MUSIC_DEFS
OBJECT MODULE PLACED IN .\Objects\music_defs.obj
COMPILER INVOKED BY: D:\keil c51\C51\BIN\C51.EXE music_defs.c OPTIMIZE(8,SPEED) BROWSE DEBUG OBJECTEXTEND PRINT(.\Listin
                    -gs\music_defs.lst) TABS(2) OBJECT(.\Objects\music_defs.obj)

line level    source

   1          #include "music_defs.h"
   2          
   3          // 音符频率表（单位：定时器初值）
   4          unsigned int code FreqTable[]={
   5              0,      // 休止符频率
   6              // 低音频率表（1-12）
   7              63628,63731,63835,63928,64021,64103,64185,64260,64331,64400,64463,64528,
   8              // 中音频率表（13-24）
   9              64580,64633,64684,64732,64777,64820,64860,64898,64934,64968,65000,65030,
  10              // 高音频率表（25-36）
  11              65058,65085,65110,65134,65157,65178,65198,65217,65235,65252,65268,65283,
  12          };
  13          
  14          // 乐谱数据
  15          // 格式：[音符, 持续时间] 依次排列
  16          // 音符：使用前面定义的音符代号（P, L1-L7, M1-M7, H1-H7）
  17          // 持续时间：以SPEED为基准的相对时值
  18          
  19          
  20          // 晴天音乐数据（1-10节）
  21          unsigned char code Music1[]={
  22          
  23          // 1
  24          
  25          L6,2,
  26          M1,2,
  27          M5,2,
  28          M1,2,
  29          L4,2,
  30          L5,1,
  31          L6,1,
  32          M5,2,
  33          M1,2,
  34          
  35          //2
  36          
  37          
  38          L1,2,
  39          L5,2,
  40          M5,2,
  41          M1,2,
  42          L1,2,
  43          M5,2,
  44          L7,2,
  45          M5,2,
  46          
  47          //3
  48          
  49          
  50          L6,2,
  51          M1,2,
  52          M5,2,
  53          L6,2,
  54          L4,2,
C51 COMPILER V9.60.0.0   MUSIC_DEFS                                                        05/22/2025 23:18:33 PAGE 2   

  55          L5,1,
  56          L6,1,
  57          M5,2,
  58          M1,2,
  59          
  60          
  61          //4
  62          
  63          
  64          L1,2,
  65          L5,2,
  66          M5,2,
  67          M1,2,
  68          L1,2,
  69          M5,2,
  70          L7,1,
  71          M1,1,
  72          M5,2,
  73          
  74          
  75          //5
  76          
  77          
  78          L6,2,
  79          M1,2,
  80          M5,2,
  81          M1,2,
  82          L4,2,
  83          L5,1,
  84          L6,1,
  85          M5,2,
  86          M1,2,
  87          
  88          
  89          //6
  90          
  91          
  92          L1,2,
  93          L5,2,
  94          M5,2,
  95          M1,2,
  96          L1,2,
  97          M5,2,
  98          L7,2,
  99          M5,2,
 100          
 101          
 102          //7
 103          
 104          
 105          L6,2,
 106          M1,2,
 107          M5,2,
 108          L6,2,
 109          L4,2,
 110          L5,1,
 111          L6,1,
 112          M5,2,
 113          M1,2,
 114          
 115          
 116          //8
C51 COMPILER V9.60.0.0   MUSIC_DEFS                                                        05/22/2025 23:18:33 PAGE 3   

 117          
 118          
 119          L1,2,
 120          L5,2,
 121          M5,2,
 122          M1,2,
 123          L1,2,
 124          M5,2,
 125          L7,1,
 126          M1,1,
 127          M5,2,
 128          
 129          
 130          //9
 131          
 132          
 133          P,2,
 134          M5,2,
 135          M5,2,
 136          M1,2,
 137          M1,4,
 138          M2,2,
 139          M3,2,
 140          
 141          //10
 142          
 143          P,2,
 144          M5,2,
 145          M5,2,
 146          M1,2,
 147          M1,2,
 148          M2,1,
 149          M3,1,
 150          M2,1,
 151          M1,1,
 152          L5,5,
 153          
 154          
 155              0xFF  // 结束标记
 156          };
 157          
 158          
 159          
 160          // 晴天音乐数据（11-20节）
 161          unsigned char code Music2[]={
 162          
 163          //11
 164          
 165          P,2,
 166          M5,2,
 167          M5,2,
 168          M1,2,
 169          M1,4,
 170          M2,2,
 171          M3,2,
 172          
 173          
 174          //12
 175          
 176          P,2,
 177          M3,4,
 178          M2,1,
C51 COMPILER V9.60.0.0   MUSIC_DEFS                                                        05/22/2025 23:18:33 PAGE 4   

 179          M3,1,
 180          M4,1,
 181          M3,1,
 182          M2,1,
 183          M4,1,
 184          M3,1,
 185          M2,1,
 186          M1,2,
 187          
 188          
 189          //13
 190          
 191          L5,2,
 192          M1,2,
 193          M1,2,
 194          M3,2,
 195          M4,2,
 196          M3,2,
 197          M2,2,
 198          M1,1,
 199          M2,1,
 200          
 201          
 202          //14
 203          
 204          M3,2,
 205          M3,2,
 206          M3,2,
 207          M3,2,
 208          M2,1,
 209          M3,1,
 210          M2,2,
 211          M1,4,
 212          
 213          //15
 214          
 215          L5,2,
 216          M1,2,
 217          M2,2,
 218          M3,2,
 219          M4,2,
 220          M3,2,
 221          M2,2,
 222          M1,1,
 223          M2,1,
 224          
 225          //16
 226          
 227          M3,2,
 228          M3,2,
 229          M3,2,
 230          M3,2,
 231          M2,1,
 232          M3,1,
 233          M2,2,
 234          M1,3,
 235          L7,1,
 236          
 237          //17
 238          
 239          M1,1,
 240          M1,1,
C51 COMPILER V9.60.0.0   MUSIC_DEFS                                                        05/22/2025 23:18:33 PAGE 5   

 241          M1,1,
 242          M1,1,
 243          L7,1,
 244          M1,2,
 245          M1,2,
 246          M1,1,
 247          M1,1,
 248          M1,1,
 249          L7,1,
 250          M1,2,
 251          M1,2,
 252          
 253          
 254          //18
 255          
 256          M1,1,
 257          M1,1,
 258          M1,1,
 259          L7,1,
 260          M1,2,
 261          M1,2,
 262          M1,1,
 263          M1,1,
 264          M1,1,
 265          M5,1,
 266          M5,2,
 267          M5,1,
 268          
 269          
 270          //19
 271          
 272          P,1,
 273          M5,1,
 274          M5,1,
 275          M5,1,
 276          M5,1,
 277          M5,2,
 278          M5,2,
 279          M5,1,
 280          M5,1,
 281          M5,1,
 282          M5,1,
 283          M4,1,
 284          M3,1,
 285          M3,9,
 286          P,4,
 287          
 288          //20
 289          
 290          
 291          M1,1,
 292          M1,1,
 293          M1,1,
 294          M1,1,
 295          
 296          
 297              0xFF  // 结束标记
 298          };
 299          
 300          
 301          
 302          // 晴天音乐数据（21-30节）
C51 COMPILER V9.60.0.0   MUSIC_DEFS                                                        05/22/2025 23:18:33 PAGE 6   

 303          unsigned char code Music3[]={
 304          
 305          //21
 306          
 307          L6,2,
 308          L7,2,
 309          M1,2,
 310          M5,2,
 311          M4,2,
 312          M3,2,
 313          M1,2,
 314          M1,6,
 315          P,4,
 316          
 317          
 318          //22
 319          
 320          M1,1,
 321          M1,1,
 322          M1,1,
 323          M1,1,
 324          M3,2,
 325          M1,2,
 326          
 327          
 328          //23
 329          
 330          L6,2,
 331          L7,2,
 332          M1,2,
 333          M5,2,
 334          M4,2,
 335          M3,2,
 336          M1,2,
 337          M2,10,
 338          P,8,
 339          
 340          
 341          //24
 342          
 343          
 344          M3,2,
 345          M2,2,
 346          M4,2,
 347          M3,4,
 348          M1,2,
 349          M5,2,
 350          M7,2,
 351          
 352          
 353          //25
 354          
 355          H1,2,
 356          M7,2,
 357          M1,2,
 358          M1,4,
 359          M1,2,
 360          M6,2,
 361          M6,2,
 362          
 363          //26
 364          
C51 COMPILER V9.60.0.0   MUSIC_DEFS                                                        05/22/2025 23:18:33 PAGE 7   

 365          P,2,
 366          M6,2,
 367          M5,2,
 368          M5,4,
 369          M5,2,
 370          M4,2,
 371          M3,2,
 372          
 373          //27
 374          
 375          
 376          M2,2,
 377          M3,2,
 378          M4,2,
 379          M3,10,
 380          
 381          //28
 382          
 383          
 384          M3,2,
 385          M4_,2,
 386          M5_,2,
 387          M3,4,
 388          M4,2,
 389          M5,2,
 390          M7,2,
 391          
 392          //29
 393          
 394          
 395          H2,2,
 396          M7,2,
 397          H1,2,
 398          H1,6,
 399          P,2,
 400          H1,2,
 401          
 402          //30
 403          
 404          
 405          H1,2,
 406          M5,2,
 407          M5,2,
 408          M6,2,
 409          M5,1,
 410          M4,1,
 411          M4,2,
 412          M2,1,
 413          M3,1,
 414          
 415          
 416              0xFF  // 结束标记
 417          };
 418          
 419          
 420          
 421          
 422          // 晴天音乐数据（30-39节）
 423          unsigned char code Music4[]={
 424          
 425          //31
 426          
C51 COMPILER V9.60.0.0   MUSIC_DEFS                                                        05/22/2025 23:18:33 PAGE 8   

 427          
 428          M4,2,
 429          M5,2,
 430          M6,2,
 431          M1,2,
 432          M6,3,
 433          M7,1,
 434          M7,4,
 435            
 436            
 437          //32
 438          
 439          
 440          M3,2,
 441          M2,2,
 442          M4,2,
 443          M3,4,
 444          M1,2,
 445          M5,2,
 446          M7,2,
 447          
 448          //33
 449          
 450          
 451          H1,2,
 452          M5,2,
 453          M5,2,
 454          M6,2,
 455          M5,1,
 456          M4,1,
 457          M4,2,
 458          M2,1,
 459          M3,1,
 460          
 461          //34
 462          
 463          
 464          P,2,
 465          M6,2,
 466          M5,2,
 467          M5,4,
 468          M5,2,
 469          M4,2,
 470          M3,2,
 471          
 472          //35
 473          
 474          
 475          M2,2,
 476          M3,2,
 477          M4,2,
 478          M3,10,
 479          
 480          //36
 481          
 482          
 483          M3,2,
 484          M4_,2,
 485          M5_,2,
 486          M3,4,
 487          M4,2,
 488          M5,2,
C51 COMPILER V9.60.0.0   MUSIC_DEFS                                                        05/22/2025 23:18:33 PAGE 9   

 489          M7,2,
 490          
 491          
 492          //37
 493          
 494          
 495          H2,2,
 496          M7,2,
 497          H1,2,
 498          H1,6,
 499          P,2,
 500          H1,2,
 501          
 502          
 503          //38
 504          
 505          
 506          H1,2,
 507          M5,2,
 508          M5,2,
 509          M6,2,
 510          M5,2,
 511          M4,2,
 512          L6,2,
 513          L7,2,
 514          
 515          //39
 516          
 517          
 518          M1,2,
 519          M2,2,
 520          M3,2,
 521          M2,6,
 522          M3,2,
 523          M1,10,
 524          P,8,
 525          
 526          
 527              0xFF  // 结束标记
 528          };
 529          
 530          
 531          
 532          
 533          
 534          
 535          
 536          // 七里香音乐数据（1-19节）
 537          unsigned char code Music5[]={
 538          
 539              // 0节
 540            M2, 1,
 541            M3, 1,
 542            M5, 1,
 543            M6, 1,
 544            
 545              // 1节
 546            H1,4,
 547            H1,3,
 548            H3,1,
 549            H2,2,
 550            H1,4,
C51 COMPILER V9.60.0.0   MUSIC_DEFS                                                        05/22/2025 23:18:33 PAGE 10  

 551            M6,1,
 552            H1,1,
 553            M6,1,
 554            
 555              // 2节  
 556            M5,3,
 557            M6,1,
 558            H1,2,
 559            H2,2,
 560            H3,4,
 561            H2,1,
 562            H3,1,
 563            H5,1,
 564            H6,1,
 565            
 566              // 3节  
 567            H1,4,
 568            H1,3,
 569            H3,1,
 570            H2,2,
 571            H1,2,
 572            H1,2,
 573            M6,2,
 574            
 575              // 4节  
 576            H2,12,
 577            P,2,
 578            M5,2,
 579            
 580              // 5节  
 581            H1,4,
 582            M7,2,
 583            H1,1,
 584            H1,5,
 585            P,2,
 586            H1,2,
 587            
 588              // 6节  
 589            H1,2,
 590            M7,2,
 591            M6,2,
 592            M7,1,
 593            M6,3,
 594            M5,4,
 595            M5,2,
 596          
 597          
 598              0xFF  // 结束标记
 599          };
 600          
 601          unsigned char code Music6[]={
 602              // 7节  
 603            M5,4,
 604            M4,2,
 605            M3,1,
 606            M5,7,
 607            M5,2,
 608            
 609              // 8节  
 610            M5,2,
 611            M6,2,
 612            M2,2,
C51 COMPILER V9.60.0.0   MUSIC_DEFS                                                        05/22/2025 23:18:33 PAGE 11  

 613            M4,1,
 614            M4,1,
 615            M3,2,
 616            M3,4,
 617            M5,2,
 618            
 619              // 9节  
 620            H1,4,
 621            M7,2,
 622            H1,1,
 623            H1,5,
 624            P,2,
 625            H1,2,
 626            
 627              // 10节 
 628            H1,2,
 629            M7,2,
 630            H1,2,
 631            H2,1,
 632            H2,1,
 633            H1,2,
 634            H1,2,
 635            H1,2,
 636            M7,2,
 637            
 638              // 11节 
 639            H1,2,
 640            H1,1,
 641            H1,3,
 642            M7,2,
 643            M7,1,
 644            M6,1,
 645            M6,2,
 646            M6,2,
 647            M7,1,
 648            M6,1,
 649            M5,8,
 650            
 651              // 12节
 652            P,4,
 653            M5,2,
 654            H1,2,
 655          
 656          
 657              // 13节
 658            H1,4,
 659            M3,2,
 660            M6,2,
 661            M6,4,
 662            M5,2,
 663            H2,2, 
 664            
 665                0xFF  // 结束标记
 666          };
 667          
 668          
 669          unsigned char code Music7[]={
 670              // 14节   
 671            H2,4,
 672            M2,2,
 673            M4,1,
 674            M4,1,
C51 COMPILER V9.60.0.0   MUSIC_DEFS                                                        05/22/2025 23:18:33 PAGE 12  

 675            M3,2,
 676            M3,2,
 677            P,2,
 678            M5,2,
 679              
 680              
 681              // 15节
 682            M5,2,
 683            M4,2,
 684            M4,2,
 685            M3,1,
 686            M3,3,
 687            M2,2,
 688            M2,2,
 689            M1,2,
 690          
 691              
 692              // 16节
 693            M3,1,
 694            M2,1,
 695            M2,4,
 696            M4,2,
 697            M3,4,
 698            M5,2,
 699            H1,2,
 700            
 701            
 702          
 703              
 704              // 17节
 705            H1,4,
 706            M3,2,
 707            M6,2,
 708            M6,2,
 709            M5,2,
 710            M5,2,
 711            H2,2,
 712            
 713            
 714              // 18节
 715            H2,2,
 716            M2,2,
 717            M2,2,
 718            M4,2,
 719            M3,2,
 720            M5,2,
 721            M5,2,
 722            H3,2, 
 723              
 724              
 725              // 19节
 726            H3,2,
 727            H2,2,
 728            H2,2,
 729            H1,2,
 730            H1,2,
 731            H2,2,
 732            H1,2,
 733            H3,2,
 734            
 735              
 736              // 20节
C51 COMPILER V9.60.0.0   MUSIC_DEFS                                                        05/22/2025 23:18:33 PAGE 13  

 737            H3,2,
 738            H2,1,
 739            H2,5,
 740            P,2,
 741            M5,2,
 742            M7,2,
 743            H1,1,
 744            H1,1,
 745            
 746            
 747                0xFF  // 结束标记
 748          };
 749          
 750          
 751          unsigned char code Music8[]={
 752              // 音符, 时值,
 753          
 754              // 21节
 755            H1,4,
 756            P,2,
 757            H1,2,
 758            H1,2,
 759            M6,1,
 760            M7,1,
 761            M6,2,
 762            M5,2,
 763              
 764              
 765              // 22节
 766            M7,2,
 767            H1,2,
 768            H2,2,
 769            H1,1,
 770            H1,3,
 771            M5,2,
 772            M7,2,
 773            H1,1,
 774            H1,5,
 775          
 776              
 777              // 23节
 778            P,2,
 779            H1,2,
 780            H1,2,
 781            M6,1,
 782            M7,1,
 783            M6,2,
 784            M5,2,
 785              
 786              
 787              // 24节
 788            H2,2,
 789            H3,2,
 790            H4,2,
 791            H3,1,
 792            H3,3,
 793            M5,2,
 794            M7,2,
 795            H1,1,
 796            H1,5,
 797              
 798              
C51 COMPILER V9.60.0.0   MUSIC_DEFS                                                        05/22/2025 23:18:33 PAGE 14  

 799              // 25节
 800            P,2,
 801            H1,2,
 802            H1,2,
 803            M6,1,
 804            M7,1,
 805            M6,2,
 806            M5,2,
 807          
 808              
 809              // 26节
 810            H2,2,
 811            H1,2,
 812            M7,2,
 813            H1,1,
 814            H1,5,
 815            P,2,
 816            H1,2,
 817              
 818              
 819              // 27节
 820            H1,2,
 821            H2,1,
 822            H3,1,
 823            H2,2,
 824            H1,2,
 825            H1,2,
 826            M7,2,
 827            H2,2,
 828            H1,1,
 829            H1,1,
 830          
 831              
 832              // 20节   
 833            P,2,
 834            M5,2,
 835            M7,2,
 836            H1,1,
 837            H1,1,
 838              
 839              
 840              // 21节
 841            H1,4,
 842            P,2,
 843            H1,2,
 844            H1,2,
 845            M6,1,
 846            M7,1,
 847            M6,2,
 848            M5,2,
 849              
 850              
 851              // 22节
 852            M7,2,
 853            H1,2,
 854            H2,2,
 855            H1,1,
 856            H1,3,
 857            M5,2,
 858            M7,2,
 859            H1,1,
 860            H1,5,
C51 COMPILER V9.60.0.0   MUSIC_DEFS                                                        05/22/2025 23:18:33 PAGE 15  

 861          
 862              
 863              // 23节
 864            P,2,
 865            H1,2,
 866            H1,2,
 867            M6,1,
 868            M7,1,
 869            M6,2,
 870            M5,2,
 871              
 872              
 873              // 24节
 874            H2,2,
 875            H3,2,
 876            H4,2,
 877            H3,1,
 878            H3,3,
 879            M5,2,
 880            M7,2,
 881            H1,1,
 882            H1,5,
 883              
 884              
 885              // 25节
 886            P,2,
 887            H1,2,
 888            H1,2,
 889            M6,1,
 890            M7,1,
 891            M6,2,
 892            M5,2,
 893          
 894              
 895              // 26节
 896            H2,2,
 897            H1,2,
 898            M7,2,
 899            H1,1,
 900            H1,5,
 901            P,2,
 902            H1,2,
 903              
 904              
 905              // 27节
 906            H1,2,
 907            H2,1,
 908            H3,1,
 909            H2,2,
 910            H1,2,
 911            H1,2,
 912            M7,2,
 913            H2,2,
 914            H1,1,
 915            H1,1,
 916            P,4,
 917            
 918              0xFF    // 终止符
 919          };


MODULE INFORMATION:   STATIC OVERLAYABLE
C51 COMPILER V9.60.0.0   MUSIC_DEFS                                                        05/22/2025 23:18:33 PAGE 16  

   CODE SIZE        =   ----    ----
   CONSTANT SIZE    =   1248    ----
   XDATA SIZE       =   ----    ----
   PDATA SIZE       =   ----    ----
   DATA SIZE        =   ----    ----
   IDATA SIZE       =   ----    ----
   BIT SIZE         =   ----    ----
END OF MODULE INFORMATION.


C51 COMPILATION COMPLETE.  0 WARNING(S),  0 ERROR(S)
