C51 COMPILER V9.60.0.0   MUSIC_DEFS                                                        05/06/2025 13:57:03 PAGE 1   


C51 COMPILER V9.60.0.0, COMPILATION OF MODULE MUSIC_DEFS
OBJECT MODULE PLACED IN .\Objects\music_defs.obj
COMPILER INVOKED BY: D:\keil c51\C51\BIN\C51.EXE music_defs.c OPTIMIZE(8,SPEED) BROWSE DEBUG OBJECTEXTEND PRINT(.\Listin
                    -gs\music_defs.lst) TABS(2) OBJECT(.\Objects\music_defs.obj)

line level    source

   1          #include "music_defs.h"
   2          
   3          // 音符频率表（单位：定时器初值）
   4          unsigned int code FreqTable[]={
   5              0,      // 休止符频率
   6              // 低音频率表（1-12）
   7              63628,63731,63835,63928,64021,64103,64185,64260,64331,64400,64463,64528,
   8              // 中音频率表（13-24）
   9              64580,64633,64684,64732,64777,64820,64860,64898,64934,64968,65000,65030,
  10              // 高音频率表（25-36）
  11              65058,65085,65110,65134,65157,65178,65198,65217,65235,65252,65268,65283,
  12          };
  13          
  14          // 乐谱数据
  15          // 格式：[音符, 持续时间] 依次排列
  16          // 音符：使用前面定义的音符代号（P, L1-L7, M1-M7, H1-H7）
  17          // 持续时间：以SPEED为基准的相对时值
  18          unsigned char code Music[]={
  19              // 音符, 时值,
  20              
  21              // 0节
  22            M2, 1,
  23            M3, 1,
  24            M5, 1,
  25            M6, 1,
  26            
  27              // 1节
  28            H1,4,
  29            H1,3,
  30            H3,1,
  31            H2,2,
  32            H1,4,
  33            M6,1,
  34            H1,1,
  35            M6,1,
  36            
  37              // 2节  
  38            M5,3,
  39            M6,1,
  40            H1,2,
  41            H2,2,
  42            H3,4,
  43            H2,1,
  44            H3,1,
  45            H5,1,
  46            H6,1,
  47            
  48              // 3节  
  49            H1,4,
  50            H1,3,
  51            H3,1,
  52            H2,2,
  53            H1,2,
  54            H1,2,
C51 COMPILER V9.60.0.0   MUSIC_DEFS                                                        05/06/2025 13:57:03 PAGE 2   

  55            M6,2,
  56            
  57              // 4节  
  58            H2,12,
  59            P,2,
  60            M5,2,
  61            
  62              // 5节  
  63            H1,4,
  64            M7,2,
  65            H1,1,
  66            H1,5,
  67            P,2,
  68            H1,2,
  69            
  70              // 6节  
  71            H1,2,
  72            M7,2,
  73            M6,2,
  74            M7,1,
  75            M6,3,
  76            M5,4,
  77            M5,2,
  78            
  79              // 7节  
  80            M5,4,
  81            M4,2,
  82            M3,1,
  83            M5,7,
  84            M5,2,
  85            
  86              // 8节  
  87            M5,2,
  88            M6,2,
  89            M2,2,
  90            M4,1,
  91            M4,1,
  92            M3,2,
  93            M3,4,
  94            M5,2,
  95            
  96              // 9节  
  97            H1,4,
  98            M7,2,
  99            H1,1,
 100            H1,5,
 101            P,2,
 102            H1,2,
 103            
 104              // 10节 
 105            H1,2,
 106            M7,2,
 107            H1,2,
 108            H2,1,
 109            H2,1,
 110            H1,2,
 111            H1,2,
 112            H1,2,
 113            M7,2,
 114            
 115              // 11节 
 116            H1,2,
C51 COMPILER V9.60.0.0   MUSIC_DEFS                                                        05/06/2025 13:57:03 PAGE 3   

 117            H1,1,
 118            H1,3,
 119            M7,2,
 120            M7,1,
 121            M6,1,
 122            M6,2,
 123            M6,2,
 124            M7,1,
 125            M6,1,
 126            M5,8,
 127            
 128              // 12节
 129            P,4,
 130            M5,2,
 131            H1,2,
 132          
 133          
 134              // 13节
 135            H1,4,
 136            M3,2,
 137            M6,2,
 138            M6,4,
 139            M5,2,
 140            H2,2,
 141            
 142              
 143              // 14节   
 144            H2,4,
 145            M2,2,
 146            M4,1,
 147            M4,1,
 148            M3,2,
 149            M3,2,
 150            P,2,
 151            M5,2,
 152              
 153              
 154              // 15节
 155            M5,2,
 156            M4,2,
 157            M4,2,
 158            M3,1,
 159            M3,3,
 160            M2,2,
 161            M2,2,
 162            M1,2,
 163          
 164              
 165              // 16节
 166            M3,1,
 167            M2,1,
 168            M2,4,
 169            M4,2,
 170            M3,4,
 171            M5,2,
 172            H1,2,
 173              
 174              
 175              // 17节
 176            H1,4,
 177            M3,2,
 178            M6,2,
C51 COMPILER V9.60.0.0   MUSIC_DEFS                                                        05/06/2025 13:57:03 PAGE 4   

 179            M6,2,
 180            M5,2,
 181            M5,2,
 182            H2,2,
 183            
 184              
 185              // 18节
 186            H2,2,
 187            M2,2,
 188            M2,2,
 189            M4,2,
 190            M3,2,
 191            M5,2,
 192            M5,2,
 193            H3,2, 
 194              
 195              
 196              // 19节
 197            H3,2,
 198            H2,2,
 199            H2,2,
 200            H1,2,
 201            H1,2,
 202            H2,2,
 203            H1,2,
 204            H3,2,
 205            
 206              
 207              // 20节
 208            H3,2,
 209            H2,1,
 210            H2,5,
 211            P,2,
 212            M5,2,
 213            M7,2,
 214            H1,1,
 215            H1,1,
 216              
 217              
 218              // 21节
 219            H1,4,
 220            P,2,
 221            H1,2,
 222            H1,2,
 223            M6,1,
 224            M7,1,
 225            M6,2,
 226            M5,2,
 227              
 228              
 229              // 22节
 230            M7,2,
 231            H1,2,
 232            H2,2,
 233            H1,1,
 234            H1,3,
 235            M5,2,
 236            M7,2,
 237            H1,1,
 238            H1,5,
 239          
 240              
C51 COMPILER V9.60.0.0   MUSIC_DEFS                                                        05/06/2025 13:57:03 PAGE 5   

 241              // 23节
 242            P,2,
 243            H1,2,
 244            H1,2,
 245            M6,1,
 246            M7,1,
 247            M6,2,
 248            M5,2,
 249              
 250              
 251              // 24节
 252            H2,2,
 253            H3,2,
 254            H4,2,
 255            H3,1,
 256            H3,3,
 257            M5,2,
 258            M7,2,
 259            H1,1,
 260            H1,5,
 261              
 262              
 263              // 25节
 264            P,2,
 265            H1,2,
 266            H1,2,
 267            M6,1,
 268            M7,1,
 269            M6,2,
 270            M5,2,
 271          
 272              
 273              // 26节
 274            H2,2,
 275            H1,2,
 276            M7,2,
 277            H1,1,
 278            H1,5,
 279            P,2,
 280            H1,2,
 281              
 282              
 283              // 27节
 284            H1,2,
 285            H2,1,
 286            H3,1,
 287            H2,2,
 288            H1,2,
 289            H1,2,
 290            M7,2,
 291            H2,2,
 292            H1,1,
 293            H1,1,
 294            
 295            
 296              // 第二部分////////////////////////////////////////////////////////////////////////////////////
 297              
 298              
 299              
 300              // 20节   
 301            P,2,
 302            M5,2,
C51 COMPILER V9.60.0.0   MUSIC_DEFS                                                        05/06/2025 13:57:03 PAGE 6   

 303            M7,2,
 304            H1,1,
 305            H1,1,
 306              
 307              
 308              // 21节
 309            H1,4,
 310            P,2,
 311            H1,2,
 312            H1,2,
 313            M6,1,
 314            M7,1,
 315            M6,2,
 316            M5,2,
 317              
 318              
 319              // 22节
 320            M7,2,
 321            H1,2,
 322            H2,2,
 323            H1,1,
 324            H1,3,
 325            M5,2,
 326            M7,2,
 327            H1,1,
 328            H1,5,
 329          
 330              
 331              // 23节
 332            P,2,
 333            H1,2,
 334            H1,2,
 335            M6,1,
 336            M7,1,
 337            M6,2,
 338            M5,2,
 339              
 340              
 341              // 24节
 342            H2,2,
 343            H3,2,
 344            H4,2,
 345            H3,1,
 346            H3,3,
 347            M5,2,
 348            M7,2,
 349            H1,1,
 350            H1,5,
 351              
 352              
 353              // 25节
 354            P,2,
 355            H1,2,
 356            H1,2,
 357            M6,1,
 358            M7,1,
 359            M6,2,
 360            M5,2,
 361          
 362              
 363              // 26节
 364            H2,2,
C51 COMPILER V9.60.0.0   MUSIC_DEFS                                                        05/06/2025 13:57:03 PAGE 7   

 365            H1,2,
 366            M7,2,
 367            H1,1,
 368            H1,5,
 369            P,2,
 370            H1,2,
 371              
 372              
 373              // 27节
 374            H1,2,
 375            H2,1,
 376            H3,1,
 377            H2,2,
 378            H1,2,
 379            H1,2,
 380            M7,2,
 381            H2,2,
 382            H1,1,
 383            H1,1,
 384            
 385            
 386              0xFF    // 终止符
 387          };


MODULE INFORMATION:   STATIC OVERLAYABLE
   CODE SIZE        =   ----    ----
   CONSTANT SIZE    =    605    ----
   XDATA SIZE       =   ----    ----
   PDATA SIZE       =   ----    ----
   DATA SIZE        =   ----    ----
   IDATA SIZE       =   ----    ----
   BIT SIZE         =   ----    ----
END OF MODULE INFORMATION.


C51 COMPILATION COMPLETE.  0 WARNING(S),  0 ERROR(S)
