C51 COMPILER V9.60.0.0   MUSIC_DEFS                                                        05/06/2025 17:26:45 PAGE 1   


C51 COMPILER V9.60.0.0, COMPILATION OF MODULE MUSIC_DEFS
OBJECT MODULE PLACED IN .\Objects\music_defs.obj
COMPILER INVOKED BY: D:\keil c51\C51\BIN\C51.EXE music_defs.c OPTIMIZE(8,SPEED) BROWSE DEBUG OBJECTEXTEND PRINT(.\Listin
                    -gs\music_defs.lst) TABS(2) OBJECT(.\Objects\music_defs.obj)

line level    source

   1          #include "music_defs.h"
   2          
   3          // 音符频率表（单位：定时器初值）
   4          unsigned int code FreqTable[]={
   5              0,      // 休止符频率
   6              // 低音频率表（1-12）
   7              63628,63731,63835,63928,64021,64103,64185,64260,64331,64400,64463,64528,
   8              // 中音频率表（13-24）
   9              64580,64633,64684,64732,64777,64820,64860,64898,64934,64968,65000,65030,
  10              // 高音频率表（25-36）
  11              65058,65085,65110,65134,65157,65178,65198,65217,65235,65252,65268,65283,
  12          };
  13          
  14          // 乐谱数据
  15          // 格式：[音符, 持续时间] 依次排列
  16          // 音符：使用前面定义的音符代号（P, L1-L7, M1-M7, H1-H7）
  17          // 持续时间：以SPEED为基准的相对时值
  18          
  19          
  20          // 第一段音乐数据（1-19节）
  21          unsigned char code Music1[]={
  22          
  23              // 0节
  24            M2, 1,
  25            M3, 1,
  26            M5, 1,
  27            M6, 1,
  28            
  29              // 1节
  30            H1,4,
  31            H1,3,
  32            H3,1,
  33            H2,2,
  34            H1,4,
  35            M6,1,
  36            H1,1,
  37            M6,1,
  38            
  39              // 2节  
  40            M5,3,
  41            M6,1,
  42            H1,2,
  43            H2,2,
  44            H3,4,
  45            H2,1,
  46            H3,1,
  47            H5,1,
  48            H6,1,
  49            
  50              // 3节  
  51            H1,4,
  52            H1,3,
  53            H3,1,
  54            H2,2,
C51 COMPILER V9.60.0.0   MUSIC_DEFS                                                        05/06/2025 17:26:45 PAGE 2   

  55            H1,2,
  56            H1,2,
  57            M6,2,
  58            
  59              // 4节  
  60            H2,12,
  61            P,2,
  62            M5,2,
  63            
  64              // 5节  
  65            H1,4,
  66            M7,2,
  67            H1,1,
  68            H1,5,
  69            P,2,
  70            H1,2,
  71            
  72              // 6节  
  73            H1,2,
  74            M7,2,
  75            M6,2,
  76            M7,1,
  77            M6,3,
  78            M5,4,
  79            M5,2,
  80            
  81              // 7节  
  82            M5,4,
  83            M4,2,
  84            M3,1,
  85            M5,7,
  86            M5,2,
  87            
  88              // 8节  
  89            M5,2,
  90            M6,2,
  91            M2,2,
  92            M4,1,
  93            M4,1,
  94            M3,2,
  95            M3,4,
  96            M5,2,
  97            
  98              // 9节  
  99            H1,4,
 100            M7,2,
 101            H1,1,
 102            H1,5,
 103            P,2,
 104            H1,2,
 105            
 106              // 10节 
 107            H1,2,
 108            M7,2,
 109            H1,2,
 110            H2,1,
 111            H2,1,
 112            H1,2,
 113            H1,2,
 114            H1,2,
 115            M7,2,
 116            
C51 COMPILER V9.60.0.0   MUSIC_DEFS                                                        05/06/2025 17:26:45 PAGE 3   

 117              // 11节 
 118            H1,2,
 119            H1,1,
 120            H1,3,
 121            M7,2,
 122            M7,1,
 123            M6,1,
 124            M6,2,
 125            M6,2,
 126            M7,1,
 127            M6,1,
 128            M5,8,
 129            
 130              // 12节
 131            P,4,
 132            M5,2,
 133            H1,2,
 134          
 135          
 136              // 13节
 137            H1,4,
 138            M3,2,
 139            M6,2,
 140            M6,4,
 141            M5,2,
 142            H2,2,
 143            
 144              
 145              // 14节   
 146            H2,4,
 147            M2,2,
 148            M4,1,
 149            M4,1,
 150            M3,2,
 151            M3,2,
 152            P,2,
 153            M5,2,
 154              
 155              
 156              // 15节
 157            M5,2,
 158            M4,2,
 159            M4,2,
 160            M3,1,
 161            M3,3,
 162            M2,2,
 163            M2,2,
 164            M1,2,
 165          
 166              
 167              // 16节
 168            M3,1,
 169            M2,1,
 170            M2,4,
 171            M4,2,
 172            M3,4,
 173            M5,2,
 174            H1,2,
 175          
 176              0xFF  // 结束标记
 177          };
 178          
C51 COMPILER V9.60.0.0   MUSIC_DEFS                                                        05/06/2025 17:26:45 PAGE 4   

 179          
 180          unsigned char code Music2[]={
 181              // 音符, 时值,
 182          
 183              
 184              // 17节
 185            H1,4,
 186            M3,2,
 187            M6,2,
 188            M6,2,
 189            M5,2,
 190            M5,2,
 191            H2,2,
 192            
 193            
 194              // 18节
 195            H2,2,
 196            M2,2,
 197            M2,2,
 198            M4,2,
 199            M3,2,
 200            M5,2,
 201            M5,2,
 202            H3,2, 
 203              
 204              
 205              // 19节
 206            H3,2,
 207            H2,2,
 208            H2,2,
 209            H1,2,
 210            H1,2,
 211            H2,2,
 212            H1,2,
 213            H3,2,
 214            
 215              
 216              // 20节
 217            H3,2,
 218            H2,1,
 219            H2,5,
 220            P,2,
 221            M5,2,
 222            M7,2,
 223            H1,1,
 224            H1,1,
 225            
 226              // 21节
 227            H1,4,
 228            P,2,
 229            H1,2,
 230            H1,2,
 231            M6,1,
 232            M7,1,
 233            M6,2,
 234            M5,2,
 235              
 236              
 237              // 22节
 238            M7,2,
 239            H1,2,
 240            H2,2,
C51 COMPILER V9.60.0.0   MUSIC_DEFS                                                        05/06/2025 17:26:45 PAGE 5   

 241            H1,1,
 242            H1,3,
 243            M5,2,
 244            M7,2,
 245            H1,1,
 246            H1,5,
 247          
 248              
 249              // 23节
 250            P,2,
 251            H1,2,
 252            H1,2,
 253            M6,1,
 254            M7,1,
 255            M6,2,
 256            M5,2,
 257              
 258              
 259              // 24节
 260            H2,2,
 261            H3,2,
 262            H4,2,
 263            H3,1,
 264            H3,3,
 265            M5,2,
 266            M7,2,
 267            H1,1,
 268            H1,5,
 269              
 270              
 271              // 25节
 272            P,2,
 273            H1,2,
 274            H1,2,
 275            M6,1,
 276            M7,1,
 277            M6,2,
 278            M5,2,
 279          
 280              
 281              // 26节
 282            H2,2,
 283            H1,2,
 284            M7,2,
 285            H1,1,
 286            H1,5,
 287            P,2,
 288            H1,2,
 289              
 290              
 291              // 27节
 292            H1,2,
 293            H2,1,
 294            H3,1,
 295            H2,2,
 296            H1,2,
 297            H1,2,
 298            M7,2,
 299            H2,2,
 300            H1,1,
 301            H1,1,
 302          
C51 COMPILER V9.60.0.0   MUSIC_DEFS                                                        05/06/2025 17:26:45 PAGE 6   

 303              
 304              // 20节   
 305            P,2,
 306            M5,2,
 307            M7,2,
 308            H1,1,
 309            H1,1,
 310              
 311              
 312              // 21节
 313            H1,4,
 314            P,2,
 315            H1,2,
 316            H1,2,
 317            M6,1,
 318            M7,1,
 319            M6,2,
 320            M5,2,
 321              
 322              
 323              // 22节
 324            M7,2,
 325            H1,2,
 326            H2,2,
 327            H1,1,
 328            H1,3,
 329            M5,2,
 330            M7,2,
 331            H1,1,
 332            H1,5,
 333          
 334              
 335              // 23节
 336            P,2,
 337            H1,2,
 338            H1,2,
 339            M6,1,
 340            M7,1,
 341            M6,2,
 342            M5,2,
 343              
 344              
 345              // 24节
 346            H2,2,
 347            H3,2,
 348            H4,2,
 349            H3,1,
 350            H3,3,
 351            M5,2,
 352            M7,2,
 353            H1,1,
 354            H1,5,
 355              
 356              
 357              // 25节
 358            P,2,
 359            H1,2,
 360            H1,2,
 361            M6,1,
 362            M7,1,
 363            M6,2,
 364            M5,2,
C51 COMPILER V9.60.0.0   MUSIC_DEFS                                                        05/06/2025 17:26:45 PAGE 7   

 365          
 366              
 367              // 26节
 368            H2,2,
 369            H1,2,
 370            M7,2,
 371            H1,1,
 372            H1,5,
 373            P,2,
 374            H1,2,
 375              
 376              
 377              // 27节
 378            H1,2,
 379            H2,1,
 380            H3,1,
 381            H2,2,
 382            H1,2,
 383            H1,2,
 384            M7,2,
 385            H2,2,
 386            H1,1,
 387            H1,1,
 388            
 389            
 390              0xFF    // 终止符
 391          };


MODULE INFORMATION:   STATIC OVERLAYABLE
   CODE SIZE        =   ----    ----
   CONSTANT SIZE    =    606    ----
   XDATA SIZE       =   ----    ----
   PDATA SIZE       =   ----    ----
   DATA SIZE        =   ----    ----
   IDATA SIZE       =   ----    ----
   BIT SIZE         =   ----    ----
END OF MODULE INFORMATION.


C51 COMPILATION COMPLETE.  0 WARNING(S),  0 ERROR(S)
